---
source: crates/rpkl-runtime/tests/snapshot_tests.rs
expression: eval_pkl_file(&path)
---
{
  "posInt": 42,
  "negInt": -17,
  "zero": 0,
  "int_abs_positive": 42,
  "int_abs_negative": 17,
  "int_abs_zero": 0,
  "int_sign_positive": 1,
  "int_sign_negative": -1,
  "int_sign_zero": 0,
  "int_isPositive_pos": true,
  "int_isPositive_neg": false,
  "int_isPositive_zero": false,
  "int_isNegative_pos": false,
  "int_isNegative_neg": true,
  "int_isZero": true,
  "int_isNonZero": true,
  "int_isOdd_odd": true,
  "int_isOdd_even": false,
  "int_isEven_even": true,
  "int_isEven_odd": false,
  "int_toString": "42",
  "int_toString_neg": "-17",
  "int_toString_radix_2": "101010",
  "int_toString_radix_16": "ff",
  "int_compareTo_less": -1,
  "int_compareTo_equal": 0,
  "int_compareTo_greater": 1,
  "int_isBetween_true": true,
  "int_isBetween_edge_low": true,
  "int_isBetween_edge_high": true,
  "int_isBetween_false": false,
  "int_shl": 16,
  "int_shr": 4,
  "int_ushr": 9223372036854775807,
  "int_and": 8,
  "int_or": 14,
  "int_xor": 6,
  "posFloat": 3.14159,
  "negFloat": -2.71828,
  "zeroFloat": 0.0,
  "float_abs_positive": 3.14159,
  "float_abs_negative": 2.71828,
  "float_abs_zero": 0.0,
  "float_sign_positive": 1.0,
  "float_sign_negative": -1.0,
  "float_sign_zero": 1.0,
  "float_isPositive_pos": true,
  "float_isPositive_neg": false,
  "float_isNegative_pos": false,
  "float_isNegative_neg": true,
  "float_isZero": true,
  "float_isNonZero": true,
  "float_ceil": 4.0,
  "float_ceil_neg": -3.0,
  "float_floor": 3.0,
  "float_floor_neg": -4.0,
  "float_round": 4.0,
  "float_round_down": 3.0,
  "float_round_neg": -4.0,
  "float_truncate": 3.0,
  "float_truncate_neg": -3.0,
  "float_isInfinite_finite": false,
  "float_isNaN_normal": false,
  "float_isFinite_normal": true,
  "float_sqrt": 4.0,
  "float_sqrt_2": 1.4142135623730951,
  "float_toInt": 3,
  "float_toInt_neg": -3,
  "float_toString": "3.14159",
  "float_isBetween_true": true,
  "float_isBetween_false": false,
  "num1": 42,
  "num2": 3.14,
  "number_toString_int": "42",
  "number_toString_float": "3.14",
  "large_int": 9223372036854775807,
  "dur_ns": "1000ns",
  "dur_us": "1us",
  "dur_ms": "1ms",
  "dur_s": "1s",
  "dur_min": "1min",
  "dur_h": "1h",
  "dur_d": "1d",
  "dur_value": 5.0,
  "dur_unit": "s",
  "dur_to_ms": "5000ms",
  "dur_add": "1.5h",
  "dur_mul": "6s",
  "dur_div": "3s",
  "dur_sub": "1.5h",
  "dur_compare": true,
  "dur_compare_lt": true,
  "dur_compare_eq": true,
  "size_b": "1024b",
  "size_kb": "1kb",
  "size_mb": "1mb",
  "size_gb": "1gb",
  "size_tb": "1tb",
  "size_kib": "1kib",
  "size_mib": "1mib",
  "size_gib": "1gib",
  "size_value": 5.0,
  "size_unit": "mb",
  "size_to_bytes": "1000b",
  "size_add": "1.512gb",
  "size_mul": "1024mb",
  "size_div": "512mb",
  "size_sub": "1.488gb",
  "size_compare": true,
  "size_compare_lt": true,
  "size_compare_eq": true,
  "size_conversion": {
    "bytes": "1024b",
    "kilobytes": "1kb",
    "inBytes": "1000b",
    "inMb": "1.024mb"
  },
  "duration_conversion": {
    "seconds": "3600s",
    "minutes": "60min",
    "inMinutes": "60min",
    "inSeconds": "3600s"
  }
}
