---
source: crates/rpkl-runtime/tests/snapshot_tests.rs
assertion_line: 3582
expression: eval_pkl(source)
---
{
  "s1": [
    1,
    2,
    3
  ],
  "s2": [
    2,
    3,
    4
  ],
  "contains": true,
  "no_contains": false,
  "add": [
    1,
    2,
    3,
    4
  ],
  "add_existing": [
    1,
    2,
    3
  ],
  "remove": [
    1,
    3
  ]
}
