---
source: crates/rpkl-runtime/tests/snapshot_tests.rs
assertion_line: 2558
expression: eval_pkl(source)
---
{
  "simple": 1.0,
  "decimal": 3.14,
  "exponent": 10000000000.0,
  "exponent_neg": 1e-10,
  "exponent_pos": 10000000000.0,
  "exponent_decimal": 150.0,
  "negative": -3.14,
  "zero": 0.0
}
