---
source: crates/rpkl-runtime/tests/snapshot_tests.rs
expression: eval_pkl_file(&path)
---
{
  "str1": "abcdefg",
  "str2": "   hello world   ",
  "str3": "Hello, World!",
  "test_length": 7,
  "test_isEmpty_empty": true,
  "test_isEmpty_nonempty": false,
  "test_isBlank_empty": true,
  "test_isBlank_whitespace": true,
  "test_isBlank_content": false,
  "test_lastIndex": 6,
  "test_toUpperCase": "ABCDEFG",
  "test_toLowerCase": "abcdefg",
  "test_capitalize": "Hello",
  "test_decapitalize": "hello",
  "test_trim": "hello world",
  "test_trimStart": "hello world   ",
  "test_trimEnd": "   hello world",
  "test_chars": [
    "a",
    "b",
    "c",
    "d",
    "e",
    "f",
    "g"
  ],
  "test_chars_empty": [],
  "test_take": "abc",
  "test_take_zero": "",
  "test_takeLast": "efg",
  "test_drop": "defg",
  "test_drop_zero": "abcdefg",
  "test_dropLast": "abcd",
  "test_substring": "cde",
  "test_contains_true": true,
  "test_contains_false": false,
  "test_startsWith_true": true,
  "test_startsWith_false": false,
  "test_endsWith_true": true,
  "test_endsWith_false": false,
  "test_indexOf": 2,
  "test_indexOf_start": 0,
  "test_lastIndexOf": 4,
  "test_split": [
    "a",
    "b",
    "c"
  ],
  "test_split_complex": [
    "one",
    "two",
    "three"
  ],
  "test_replaceAll": "aaXXcc",
  "test_replaceFirst": "aaXXccbb",
  "test_replaceLast": "aabbccXX",
  "test_repeat": "ababab",
  "test_repeat_zero": "",
  "name": "PKL",
  "version": 1,
  "test_interpolation_basic": "Hello PKL!",
  "test_interpolation_expr": "Version: (version + 1)",
  "test_interpolation_nested": "Result: (name.length * 2)",
  "test_padStart": "00042",
  "test_padEnd": "42000",
  "test_reverse": "olleh",
  "test_toInt": 42,
  "test_toInt_negative": -123,
  "test_toFloat": 3.14,
  "test_toBoolean_true": true,
  "test_toBoolean_false": false,
  "test_takeWhile": "abc",
  "test_dropWhile": "defg",
  "test_takeLastWhile": "efg",
  "test_dropLastWhile": "abcd"
}
