---
source: crates/rpkl-runtime/tests/snapshot_tests.rs
assertion_line: 2915
expression: eval_pkl(source)
---
{
  "r1": "\n            leading\n            whitespace\n            trimmed\n            ",
  "r2": "\n            leading\n              whitespace\n                partially\n                  trimmed\n            "
}
